// Jest Snapshot v1, https://goo.gl/fbAQLP

exports[`App componenet renders App 1`] = `<RandomColor />`;
